// Jest Snapshot v1, https://goo.gl/fbAQLP

exports[`Testing LoginForm component renders 1`] = `
<Fragment>
  <div>
    <h3>
      Login with a name of your choice
    </h3>
    <input
      autoFocus={true}
      className="formField-0-2-2"
      id="playerName"
      name="playerName"
      onChange={[Function]}
      onKeyUp={[Function]}
      type="text"
    />
    <button
      className="formButton-0-2-3"
      id="loginsend"
      onClick={[Function]}
    >
      <span>
        Login
      </span>
    </button>
  </div>
</Fragment>
`;
